components/ui/Button.tsx(6,11): error TS2430: Interface 'ButtonProps' incorrectly extends interface 'PressableProps & RefAttributes<View>'.
  Type 'ButtonProps' is not assignable to type 'RefAttributes<View>'.
    Types of property 'ref' are incompatible.
      Type 'Ref<typeof View> | undefined' is not assignable to type 'Ref<View> | undefined'.
        Type '(instance: typeof View | null) => void | (() => VoidOrUndefinedOnly)' is not assignable to type 'Ref<View> | undefined'.
          Type '(instance: typeof View | null) => void | (() => VoidOrUndefinedOnly)' is not assignable to type '(instance: View | null) => void | (() => VoidOrUndefinedOnly)'.
            Types of parameters 'instance' and 'instance' are incompatible.
              Type 'View | null' is not assignable to type 'typeof View | null'.
                Type 'View' is not assignable to type 'typeof View | null'.
components/ui/Button.tsx(76,13): error TS2322: Type 'Ref<typeof View> | undefined' is not assignable to type 'Ref<View> | undefined'.
  Type '(instance: typeof View | null) => void | (() => VoidOrUndefinedOnly)' is not assignable to type 'Ref<View> | undefined'.
    Type '(instance: typeof View | null) => void | (() => VoidOrUndefinedOnly)' is not assignable to type '(instance: View | null) => void | (() => VoidOrUndefinedOnly)'.
      Types of parameters 'instance' and 'instance' are incompatible.
        Type 'View | null' is not assignable to type 'typeof View | null'.
          Type 'View' is not assignable to type 'typeof View | null'.
constants/curationData.ts(2261,7): error TS2739: Type '{ id: string; exampleKr: string; isMemorized: false; isStarred: false; tags: never[]; }' is missing the following properties from type 'Word': term, definition, exampleEn, meaningKr
constants/curationData.ts(2268,7): error TS2739: Type '{ id: string; exampleKr: string; isMemorized: false; isStarred: false; tags: never[]; }' is missing the following properties from type 'Word': term, definition, exampleEn, meaningKr
constants/curationData.ts(2275,7): error TS2739: Type '{ id: string; exampleKr: string; isMemorized: false; isStarred: false; tags: never[]; }' is missing the following properties from type 'Word': term, definition, exampleEn, meaningKr
constants/curationData.ts(2282,7): error TS2739: Type '{ id: string; exampleKr: string; isMemorized: false; isStarred: false; tags: never[]; }' is missing the following properties from type 'Word': term, definition, exampleEn, meaningKr
constants/curationData.ts(2289,7): error TS2739: Type '{ id: string; exampleKr: string; isMemorized: false; isStarred: false; tags: never[]; }' is missing the following properties from type 'Word': term, definition, exampleEn, meaningKr
constants/curationData.ts(2296,7): error TS2739: Type '{ id: string; exampleKr: string; isMemorized: false; isStarred: false; tags: never[]; }' is missing the following properties from type 'Word': term, definition, exampleEn, meaningKr
constants/curationData.ts(2303,7): error TS2739: Type '{ id: string; exampleKr: string; isMemorized: false; isStarred: false; tags: never[]; }' is missing the following properties from type 'Word': term, definition, exampleEn, meaningKr
constants/curationData.ts(2310,7): error TS2739: Type '{ id: string; exampleKr: string; isMemorized: false; isStarred: false; tags: never[]; }' is missing the following properties from type 'Word': term, definition, exampleEn, meaningKr
constants/curationData.ts(2317,7): error TS2739: Type '{ id: string; exampleKr: string; isMemorized: false; isStarred: false; tags: never[]; }' is missing the following properties from type 'Word': term, definition, exampleEn, meaningKr
constants/curationData.ts(2324,7): error TS2739: Type '{ id: string; exampleKr: string; isMemorized: false; isStarred: false; tags: never[]; }' is missing the following properties from type 'Word': term, definition, exampleEn, meaningKr
constants/curationData.ts(2340,7): error TS2739: Type '{ id: string; exampleKr: string; isMemorized: false; isStarred: false; tags: never[]; }' is missing the following properties from type 'Word': term, definition, exampleEn, meaningKr
constants/curationData.ts(2347,7): error TS2739: Type '{ id: string; exampleKr: string; isMemorized: false; isStarred: false; tags: never[]; }' is missing the following properties from type 'Word': term, definition, exampleEn, meaningKr
constants/curationData.ts(2354,7): error TS2739: Type '{ id: string; exampleKr: string; isMemorized: false; isStarred: false; tags: never[]; }' is missing the following properties from type 'Word': term, definition, exampleEn, meaningKr
constants/curationData.ts(2361,7): error TS2739: Type '{ id: string; exampleKr: string; isMemorized: false; isStarred: false; tags: never[]; }' is missing the following properties from type 'Word': term, definition, exampleEn, meaningKr
constants/curationData.ts(2368,7): error TS2739: Type '{ id: string; exampleKr: string; isMemorized: false; isStarred: false; tags: never[]; }' is missing the following properties from type 'Word': term, definition, exampleEn, meaningKr
constants/curationData.ts(2375,7): error TS2739: Type '{ id: string; exampleKr: string; isMemorized: false; isStarred: false; tags: never[]; }' is missing the following properties from type 'Word': term, definition, exampleEn, meaningKr
constants/curationData.ts(2382,7): error TS2739: Type '{ id: string; exampleKr: string; isMemorized: false; isStarred: false; tags: never[]; }' is missing the following properties from type 'Word': term, definition, exampleEn, meaningKr
constants/curationData.ts(2389,7): error TS2739: Type '{ id: string; exampleKr: string; isMemorized: false; isStarred: false; tags: never[]; }' is missing the following properties from type 'Word': term, definition, exampleEn, meaningKr
constants/curationData.ts(2396,7): error TS2739: Type '{ id: string; exampleKr: string; isMemorized: false; isStarred: false; tags: never[]; }' is missing the following properties from type 'Word': term, definition, exampleEn, meaningKr
constants/curationData.ts(2403,7): error TS2739: Type '{ id: string; exampleKr: string; isMemorized: false; isStarred: false; tags: never[]; }' is missing the following properties from type 'Word': term, definition, exampleEn, meaningKr
constants/curationData.ts(2419,7): error TS2739: Type '{ id: string; exampleKr: string; isMemorized: false; isStarred: false; tags: never[]; }' is missing the following properties from type 'Word': term, definition, exampleEn, meaningKr
constants/curationData.ts(2426,7): error TS2739: Type '{ id: string; exampleKr: string; isMemorized: false; isStarred: false; tags: never[]; }' is missing the following properties from type 'Word': term, definition, exampleEn, meaningKr
constants/curationData.ts(2433,7): error TS2739: Type '{ id: string; exampleKr: string; isMemorized: false; isStarred: false; tags: never[]; }' is missing the following properties from type 'Word': term, definition, exampleEn, meaningKr
constants/curationData.ts(2440,7): error TS2739: Type '{ id: string; exampleKr: string; isMemorized: false; isStarred: false; tags: never[]; }' is missing the following properties from type 'Word': term, definition, exampleEn, meaningKr
constants/curationData.ts(2447,7): error TS2739: Type '{ id: string; exampleKr: string; isMemorized: false; isStarred: false; tags: never[]; }' is missing the following properties from type 'Word': term, definition, exampleEn, meaningKr
constants/curationData.ts(2454,7): error TS2739: Type '{ id: string; exampleKr: string; isMemorized: false; isStarred: false; tags: never[]; }' is missing the following properties from type 'Word': term, definition, exampleEn, meaningKr
constants/curationData.ts(2461,7): error TS2739: Type '{ id: string; exampleKr: string; isMemorized: false; isStarred: false; tags: never[]; }' is missing the following properties from type 'Word': term, definition, exampleEn, meaningKr
constants/curationData.ts(2468,7): error TS2739: Type '{ id: string; exampleKr: string; isMemorized: false; isStarred: false; tags: never[]; }' is missing the following properties from type 'Word': term, definition, exampleEn, meaningKr
constants/curationData.ts(2475,7): error TS2739: Type '{ id: string; exampleKr: string; isMemorized: false; isStarred: false; tags: never[]; }' is missing the following properties from type 'Word': term, definition, exampleEn, meaningKr
constants/curationData.ts(2482,7): error TS2739: Type '{ id: string; exampleKr: string; isMemorized: false; isStarred: false; tags: never[]; }' is missing the following properties from type 'Word': term, definition, exampleEn, meaningKr
constants/curationData.ts(2498,7): error TS2739: Type '{ id: string; exampleKr: string; isMemorized: false; isStarred: false; tags: never[]; }' is missing the following properties from type 'Word': term, definition, exampleEn, meaningKr
constants/curationData.ts(2505,7): error TS2739: Type '{ id: string; exampleKr: string; isMemorized: false; isStarred: false; tags: never[]; }' is missing the following properties from type 'Word': term, definition, exampleEn, meaningKr
constants/curationData.ts(2512,7): error TS2739: Type '{ id: string; exampleKr: string; isMemorized: false; isStarred: false; tags: never[]; }' is missing the following properties from type 'Word': term, definition, exampleEn, meaningKr
constants/curationData.ts(2519,7): error TS2739: Type '{ id: string; exampleKr: string; isMemorized: false; isStarred: false; tags: never[]; }' is missing the following properties from type 'Word': term, definition, exampleEn, meaningKr
constants/curationData.ts(2526,7): error TS2739: Type '{ id: string; exampleKr: string; isMemorized: false; isStarred: false; tags: never[]; }' is missing the following properties from type 'Word': term, definition, exampleEn, meaningKr
constants/curationData.ts(2533,7): error TS2739: Type '{ id: string; exampleKr: string; isMemorized: false; isStarred: false; tags: never[]; }' is missing the following properties from type 'Word': term, definition, exampleEn, meaningKr
constants/curationData.ts(2540,7): error TS2739: Type '{ id: string; exampleKr: string; isMemorized: false; isStarred: false; tags: never[]; }' is missing the following properties from type 'Word': term, definition, exampleEn, meaningKr
constants/curationData.ts(2547,7): error TS2739: Type '{ id: string; exampleKr: string; isMemorized: false; isStarred: false; tags: never[]; }' is missing the following properties from type 'Word': term, definition, exampleEn, meaningKr
constants/curationData.ts(2554,7): error TS2739: Type '{ id: string; exampleKr: string; isMemorized: false; isStarred: false; tags: never[]; }' is missing the following properties from type 'Word': term, definition, exampleEn, meaningKr
constants/curationData.ts(2561,7): error TS2739: Type '{ id: string; exampleKr: string; isMemorized: false; isStarred: false; tags: never[]; }' is missing the following properties from type 'Word': term, definition, exampleEn, meaningKr
constants/curationData.ts(2577,7): error TS2739: Type '{ id: string; exampleKr: string; isMemorized: false; isStarred: false; tags: never[]; }' is missing the following properties from type 'Word': term, definition, exampleEn, meaningKr
constants/curationData.ts(2584,7): error TS2739: Type '{ id: string; exampleKr: string; isMemorized: false; isStarred: false; tags: never[]; }' is missing the following properties from type 'Word': term, definition, exampleEn, meaningKr
constants/curationData.ts(2591,7): error TS2739: Type '{ id: string; exampleKr: string; isMemorized: false; isStarred: false; tags: never[]; }' is missing the following properties from type 'Word': term, definition, exampleEn, meaningKr
constants/curationData.ts(2598,7): error TS2739: Type '{ id: string; exampleKr: string; isMemorized: false; isStarred: false; tags: never[]; }' is missing the following properties from type 'Word': term, definition, exampleEn, meaningKr
constants/curationData.ts(2605,7): error TS2739: Type '{ id: string; exampleKr: string; isMemorized: false; isStarred: false; tags: never[]; }' is missing the following properties from type 'Word': term, definition, exampleEn, meaningKr
constants/curationData.ts(2612,7): error TS2739: Type '{ id: string; exampleKr: string; isMemorized: false; isStarred: false; tags: never[]; }' is missing the following properties from type 'Word': term, definition, exampleEn, meaningKr
constants/curationData.ts(2619,7): error TS2739: Type '{ id: string; exampleKr: string; isMemorized: false; isStarred: false; tags: never[]; }' is missing the following properties from type 'Word': term, definition, exampleEn, meaningKr
constants/curationData.ts(2626,7): error TS2739: Type '{ id: string; exampleKr: string; isMemorized: false; isStarred: false; tags: never[]; }' is missing the following properties from type 'Word': term, definition, exampleEn, meaningKr
constants/curationData.ts(2633,7): error TS2739: Type '{ id: string; exampleKr: string; isMemorized: false; isStarred: false; tags: never[]; }' is missing the following properties from type 'Word': term, definition, exampleEn, meaningKr
constants/curationData.ts(2640,7): error TS2739: Type '{ id: string; exampleKr: string; isMemorized: false; isStarred: false; tags: never[]; }' is missing the following properties from type 'Word': term, definition, exampleEn, meaningKr
constants/curationData.ts(2656,7): error TS2739: Type '{ id: string; exampleKr: string; isMemorized: false; isStarred: false; tags: never[]; }' is missing the following properties from type 'Word': term, definition, exampleEn, meaningKr
constants/curationData.ts(2663,7): error TS2739: Type '{ id: string; exampleKr: string; isMemorized: false; isStarred: false; tags: never[]; }' is missing the following properties from type 'Word': term, definition, exampleEn, meaningKr
constants/curationData.ts(2670,7): error TS2739: Type '{ id: string; exampleKr: string; isMemorized: false; isStarred: false; tags: never[]; }' is missing the following properties from type 'Word': term, definition, exampleEn, meaningKr
constants/curationData.ts(2677,7): error TS2739: Type '{ id: string; exampleKr: string; isMemorized: false; isStarred: false; tags: never[]; }' is missing the following properties from type 'Word': term, definition, exampleEn, meaningKr
constants/curationData.ts(2684,7): error TS2739: Type '{ id: string; exampleKr: string; isMemorized: false; isStarred: false; tags: never[]; }' is missing the following properties from type 'Word': term, definition, exampleEn, meaningKr
constants/curationData.ts(2691,7): error TS2739: Type '{ id: string; exampleKr: string; isMemorized: false; isStarred: false; tags: never[]; }' is missing the following properties from type 'Word': term, definition, exampleEn, meaningKr
constants/curationData.ts(2698,7): error TS2739: Type '{ id: string; exampleKr: string; isMemorized: false; isStarred: false; tags: never[]; }' is missing the following properties from type 'Word': term, definition, exampleEn, meaningKr
constants/curationData.ts(2705,7): error TS2739: Type '{ id: string; exampleKr: string; isMemorized: false; isStarred: false; tags: never[]; }' is missing the following properties from type 'Word': term, definition, exampleEn, meaningKr
constants/curationData.ts(2712,7): error TS2739: Type '{ id: string; exampleKr: string; isMemorized: false; isStarred: false; tags: never[]; }' is missing the following properties from type 'Word': term, definition, exampleEn, meaningKr
constants/curationData.ts(2719,7): error TS2739: Type '{ id: string; exampleKr: string; isMemorized: false; isStarred: false; tags: never[]; }' is missing the following properties from type 'Word': term, definition, exampleEn, meaningKr
constants/curationData.ts(2735,7): error TS2739: Type '{ id: string; exampleKr: string; isMemorized: false; isStarred: false; tags: never[]; }' is missing the following properties from type 'Word': term, definition, exampleEn, meaningKr
constants/curationData.ts(2742,7): error TS2739: Type '{ id: string; exampleKr: string; isMemorized: false; isStarred: false; tags: never[]; }' is missing the following properties from type 'Word': term, definition, exampleEn, meaningKr
constants/curationData.ts(2749,7): error TS2739: Type '{ id: string; exampleKr: string; isMemorized: false; isStarred: false; tags: never[]; }' is missing the following properties from type 'Word': term, definition, exampleEn, meaningKr
constants/curationData.ts(2756,7): error TS2739: Type '{ id: string; exampleKr: string; isMemorized: false; isStarred: false; tags: never[]; }' is missing the following properties from type 'Word': term, definition, exampleEn, meaningKr
constants/curationData.ts(2763,7): error TS2739: Type '{ id: string; exampleKr: string; isMemorized: false; isStarred: false; tags: never[]; }' is missing the following properties from type 'Word': term, definition, exampleEn, meaningKr
constants/curationData.ts(2770,7): error TS2739: Type '{ id: string; exampleKr: string; isMemorized: false; isStarred: false; tags: never[]; }' is missing the following properties from type 'Word': term, definition, exampleEn, meaningKr
constants/curationData.ts(2777,7): error TS2739: Type '{ id: string; exampleKr: string; isMemorized: false; isStarred: false; tags: never[]; }' is missing the following properties from type 'Word': term, definition, exampleEn, meaningKr
constants/curationData.ts(2784,7): error TS2739: Type '{ id: string; exampleKr: string; isMemorized: false; isStarred: false; tags: never[]; }' is missing the following properties from type 'Word': term, definition, exampleEn, meaningKr
constants/curationData.ts(2791,7): error TS2739: Type '{ id: string; exampleKr: string; isMemorized: false; isStarred: false; tags: never[]; }' is missing the following properties from type 'Word': term, definition, exampleEn, meaningKr
constants/curationData.ts(2798,7): error TS2739: Type '{ id: string; exampleKr: string; isMemorized: false; isStarred: false; tags: never[]; }' is missing the following properties from type 'Word': term, definition, exampleEn, meaningKr
constants/curationData.ts(2814,7): error TS2739: Type '{ id: string; exampleKr: string; isMemorized: false; isStarred: false; tags: never[]; }' is missing the following properties from type 'Word': term, definition, exampleEn, meaningKr
constants/curationData.ts(2821,7): error TS2739: Type '{ id: string; exampleKr: string; isMemorized: false; isStarred: false; tags: never[]; }' is missing the following properties from type 'Word': term, definition, exampleEn, meaningKr
constants/curationData.ts(2828,7): error TS2739: Type '{ id: string; exampleKr: string; isMemorized: false; isStarred: false; tags: never[]; }' is missing the following properties from type 'Word': term, definition, exampleEn, meaningKr
constants/curationData.ts(2835,7): error TS2739: Type '{ id: string; exampleKr: string; isMemorized: false; isStarred: false; tags: never[]; }' is missing the following properties from type 'Word': term, definition, exampleEn, meaningKr
constants/curationData.ts(2842,7): error TS2739: Type '{ id: string; exampleKr: string; isMemorized: false; isStarred: false; tags: never[]; }' is missing the following properties from type 'Word': term, definition, exampleEn, meaningKr
constants/curationData.ts(2849,7): error TS2739: Type '{ id: string; exampleKr: string; isMemorized: false; isStarred: false; tags: never[]; }' is missing the following properties from type 'Word': term, definition, exampleEn, meaningKr
constants/curationData.ts(2856,7): error TS2739: Type '{ id: string; exampleKr: string; isMemorized: false; isStarred: false; tags: never[]; }' is missing the following properties from type 'Word': term, definition, exampleEn, meaningKr
constants/curationData.ts(2863,7): error TS2739: Type '{ id: string; exampleKr: string; isMemorized: false; isStarred: false; tags: never[]; }' is missing the following properties from type 'Word': term, definition, exampleEn, meaningKr
constants/curationData.ts(2870,7): error TS2739: Type '{ id: string; exampleKr: string; isMemorized: false; isStarred: false; tags: never[]; }' is missing the following properties from type 'Word': term, definition, exampleEn, meaningKr
constants/curationData.ts(2877,7): error TS2739: Type '{ id: string; exampleKr: string; isMemorized: false; isStarred: false; tags: never[]; }' is missing the following properties from type 'Word': term, definition, exampleEn, meaningKr
constants/curationData.ts(2893,7): error TS2739: Type '{ id: string; exampleKr: string; isMemorized: false; isStarred: false; tags: never[]; }' is missing the following properties from type 'Word': term, definition, exampleEn, meaningKr
constants/curationData.ts(2900,7): error TS2739: Type '{ id: string; exampleKr: string; isMemorized: false; isStarred: false; tags: never[]; }' is missing the following properties from type 'Word': term, definition, exampleEn, meaningKr
constants/curationData.ts(2907,7): error TS2739: Type '{ id: string; exampleKr: string; isMemorized: false; isStarred: false; tags: never[]; }' is missing the following properties from type 'Word': term, definition, exampleEn, meaningKr
constants/curationData.ts(2914,7): error TS2739: Type '{ id: string; exampleKr: string; isMemorized: false; isStarred: false; tags: never[]; }' is missing the following properties from type 'Word': term, definition, exampleEn, meaningKr
constants/curationData.ts(2921,7): error TS2739: Type '{ id: string; exampleKr: string; isMemorized: false; isStarred: false; tags: never[]; }' is missing the following properties from type 'Word': term, definition, exampleEn, meaningKr
constants/curationData.ts(2928,7): error TS2739: Type '{ id: string; exampleKr: string; isMemorized: false; isStarred: false; tags: never[]; }' is missing the following properties from type 'Word': term, definition, exampleEn, meaningKr
constants/curationData.ts(2935,7): error TS2739: Type '{ id: string; exampleKr: string; isMemorized: false; isStarred: false; tags: never[]; }' is missing the following properties from type 'Word': term, definition, exampleEn, meaningKr
constants/curationData.ts(2942,7): error TS2739: Type '{ id: string; exampleKr: string; isMemorized: false; isStarred: false; tags: never[]; }' is missing the following properties from type 'Word': term, definition, exampleEn, meaningKr
constants/curationData.ts(2949,7): error TS2739: Type '{ id: string; exampleKr: string; isMemorized: false; isStarred: false; tags: never[]; }' is missing the following properties from type 'Word': term, definition, exampleEn, meaningKr
constants/curationData.ts(2956,7): error TS2739: Type '{ id: string; exampleKr: string; isMemorized: false; isStarred: false; tags: never[]; }' is missing the following properties from type 'Word': term, definition, exampleEn, meaningKr
constants/curationData.ts(2972,7): error TS2739: Type '{ id: string; exampleKr: string; isMemorized: false; isStarred: false; tags: never[]; }' is missing the following properties from type 'Word': term, definition, exampleEn, meaningKr
constants/curationData.ts(2979,7): error TS2739: Type '{ id: string; exampleKr: string; isMemorized: false; isStarred: false; tags: never[]; }' is missing the following properties from type 'Word': term, definition, exampleEn, meaningKr
constants/curationData.ts(2986,7): error TS2739: Type '{ id: string; exampleKr: string; isMemorized: false; isStarred: false; tags: never[]; }' is missing the following properties from type 'Word': term, definition, exampleEn, meaningKr
constants/curationData.ts(2993,7): error TS2739: Type '{ id: string; exampleKr: string; isMemorized: false; isStarred: false; tags: never[]; }' is missing the following properties from type 'Word': term, definition, exampleEn, meaningKr
constants/curationData.ts(3000,7): error TS2739: Type '{ id: string; exampleKr: string; isMemorized: false; isStarred: false; tags: never[]; }' is missing the following properties from type 'Word': term, definition, exampleEn, meaningKr
constants/curationData.ts(3007,7): error TS2739: Type '{ id: string; exampleKr: string; isMemorized: false; isStarred: false; tags: never[]; }' is missing the following properties from type 'Word': term, definition, exampleEn, meaningKr
constants/curationData.ts(3014,7): error TS2739: Type '{ id: string; exampleKr: string; isMemorized: false; isStarred: false; tags: never[]; }' is missing the following properties from type 'Word': term, definition, exampleEn, meaningKr
constants/curationData.ts(3021,7): error TS2739: Type '{ id: string; exampleKr: string; isMemorized: false; isStarred: false; tags: never[]; }' is missing the following properties from type 'Word': term, definition, exampleEn, meaningKr
constants/curationData.ts(3028,7): error TS2739: Type '{ id: string; exampleKr: string; isMemorized: false; isStarred: false; tags: never[]; }' is missing the following properties from type 'Word': term, definition, exampleEn, meaningKr
constants/curationData.ts(3035,7): error TS2739: Type '{ id: string; exampleKr: string; isMemorized: false; isStarred: false; tags: never[]; }' is missing the following properties from type 'Word': term, definition, exampleEn, meaningKr
constants/curationData.ts(3051,7): error TS2739: Type '{ id: string; exampleKr: string; isMemorized: false; isStarred: false; tags: never[]; }' is missing the following properties from type 'Word': term, definition, exampleEn, meaningKr
constants/curationData.ts(3058,7): error TS2739: Type '{ id: string; exampleKr: string; isMemorized: false; isStarred: false; tags: never[]; }' is missing the following properties from type 'Word': term, definition, exampleEn, meaningKr
constants/curationData.ts(3065,7): error TS2739: Type '{ id: string; exampleKr: string; isMemorized: false; isStarred: false; tags: never[]; }' is missing the following properties from type 'Word': term, definition, exampleEn, meaningKr
constants/curationData.ts(3072,7): error TS2739: Type '{ id: string; exampleKr: string; isMemorized: false; isStarred: false; tags: never[]; }' is missing the following properties from type 'Word': term, definition, exampleEn, meaningKr
constants/curationData.ts(3079,7): error TS2739: Type '{ id: string; exampleKr: string; isMemorized: false; isStarred: false; tags: never[]; }' is missing the following properties from type 'Word': term, definition, exampleEn, meaningKr
constants/curationData.ts(3086,7): error TS2739: Type '{ id: string; exampleKr: string; isMemorized: false; isStarred: false; tags: never[]; }' is missing the following properties from type 'Word': term, definition, exampleEn, meaningKr
constants/curationData.ts(3093,7): error TS2739: Type '{ id: string; exampleKr: string; isMemorized: false; isStarred: false; tags: never[]; }' is missing the following properties from type 'Word': term, definition, exampleEn, meaningKr
constants/curationData.ts(3100,7): error TS2739: Type '{ id: string; exampleKr: string; isMemorized: false; isStarred: false; tags: never[]; }' is missing the following properties from type 'Word': term, definition, exampleEn, meaningKr
constants/curationData.ts(3107,7): error TS2739: Type '{ id: string; exampleKr: string; isMemorized: false; isStarred: false; tags: never[]; }' is missing the following properties from type 'Word': term, definition, exampleEn, meaningKr
constants/curationData.ts(3114,7): error TS2739: Type '{ id: string; exampleKr: string; isMemorized: false; isStarred: false; tags: never[]; }' is missing the following properties from type 'Word': term, definition, exampleEn, meaningKr
constants/curationData.ts(3130,7): error TS2739: Type '{ id: string; exampleKr: string; isMemorized: false; isStarred: false; tags: never[]; }' is missing the following properties from type 'Word': term, definition, exampleEn, meaningKr
constants/curationData.ts(3137,7): error TS2739: Type '{ id: string; exampleKr: string; isMemorized: false; isStarred: false; tags: never[]; }' is missing the following properties from type 'Word': term, definition, exampleEn, meaningKr
constants/curationData.ts(3144,7): error TS2739: Type '{ id: string; exampleKr: string; isMemorized: false; isStarred: false; tags: never[]; }' is missing the following properties from type 'Word': term, definition, exampleEn, meaningKr
constants/curationData.ts(3151,7): error TS2739: Type '{ id: string; exampleKr: string; isMemorized: false; isStarred: false; tags: never[]; }' is missing the following properties from type 'Word': term, definition, exampleEn, meaningKr
constants/curationData.ts(3158,7): error TS2739: Type '{ id: string; exampleKr: string; isMemorized: false; isStarred: false; tags: never[]; }' is missing the following properties from type 'Word': term, definition, exampleEn, meaningKr
constants/curationData.ts(3165,7): error TS2739: Type '{ id: string; exampleKr: string; isMemorized: false; isStarred: false; tags: never[]; }' is missing the following properties from type 'Word': term, definition, exampleEn, meaningKr
constants/curationData.ts(3172,7): error TS2739: Type '{ id: string; exampleKr: string; isMemorized: false; isStarred: false; tags: never[]; }' is missing the following properties from type 'Word': term, definition, exampleEn, meaningKr
constants/curationData.ts(3179,7): error TS2739: Type '{ id: string; exampleKr: string; isMemorized: false; isStarred: false; tags: never[]; }' is missing the following properties from type 'Word': term, definition, exampleEn, meaningKr
constants/curationData.ts(3186,7): error TS2739: Type '{ id: string; exampleKr: string; isMemorized: false; isStarred: false; tags: never[]; }' is missing the following properties from type 'Word': term, definition, exampleEn, meaningKr
constants/curationData.ts(3193,7): error TS2739: Type '{ id: string; exampleKr: string; isMemorized: false; isStarred: false; tags: never[]; }' is missing the following properties from type 'Word': term, definition, exampleEn, meaningKr
constants/curationData.ts(3209,7): error TS2739: Type '{ id: string; exampleKr: string; isMemorized: false; isStarred: false; tags: never[]; }' is missing the following properties from type 'Word': term, definition, exampleEn, meaningKr
constants/curationData.ts(3216,7): error TS2739: Type '{ id: string; exampleKr: string; isMemorized: false; isStarred: false; tags: never[]; }' is missing the following properties from type 'Word': term, definition, exampleEn, meaningKr
constants/curationData.ts(3223,7): error TS2739: Type '{ id: string; exampleKr: string; isMemorized: false; isStarred: false; tags: never[]; }' is missing the following properties from type 'Word': term, definition, exampleEn, meaningKr
constants/curationData.ts(3230,7): error TS2739: Type '{ id: string; exampleKr: string; isMemorized: false; isStarred: false; tags: never[]; }' is missing the following properties from type 'Word': term, definition, exampleEn, meaningKr
constants/curationData.ts(3237,7): error TS2739: Type '{ id: string; exampleKr: string; isMemorized: false; isStarred: false; tags: never[]; }' is missing the following properties from type 'Word': term, definition, exampleEn, meaningKr
constants/curationData.ts(3244,7): error TS2739: Type '{ id: string; exampleKr: string; isMemorized: false; isStarred: false; tags: never[]; }' is missing the following properties from type 'Word': term, definition, exampleEn, meaningKr
constants/curationData.ts(3251,7): error TS2739: Type '{ id: string; exampleKr: string; isMemorized: false; isStarred: false; tags: never[]; }' is missing the following properties from type 'Word': term, definition, exampleEn, meaningKr
constants/curationData.ts(3258,7): error TS2739: Type '{ id: string; exampleKr: string; isMemorized: false; isStarred: false; tags: never[]; }' is missing the following properties from type 'Word': term, definition, exampleEn, meaningKr
constants/curationData.ts(3265,7): error TS2739: Type '{ id: string; exampleKr: string; isMemorized: false; isStarred: false; tags: never[]; }' is missing the following properties from type 'Word': term, definition, exampleEn, meaningKr
constants/curationData.ts(3272,7): error TS2739: Type '{ id: string; exampleKr: string; isMemorized: false; isStarred: false; tags: never[]; }' is missing the following properties from type 'Word': term, definition, exampleEn, meaningKr
constants/curationData.ts(3288,7): error TS2739: Type '{ id: string; exampleKr: string; isMemorized: false; isStarred: false; tags: never[]; }' is missing the following properties from type 'Word': term, definition, exampleEn, meaningKr
constants/curationData.ts(3295,7): error TS2739: Type '{ id: string; exampleKr: string; isMemorized: false; isStarred: false; tags: never[]; }' is missing the following properties from type 'Word': term, definition, exampleEn, meaningKr
constants/curationData.ts(3302,7): error TS2739: Type '{ id: string; exampleKr: string; isMemorized: false; isStarred: false; tags: never[]; }' is missing the following properties from type 'Word': term, definition, exampleEn, meaningKr
constants/curationData.ts(3309,7): error TS2739: Type '{ id: string; exampleKr: string; isMemorized: false; isStarred: false; tags: never[]; }' is missing the following properties from type 'Word': term, definition, exampleEn, meaningKr
constants/curationData.ts(3316,7): error TS2739: Type '{ id: string; exampleKr: string; isMemorized: false; isStarred: false; tags: never[]; }' is missing the following properties from type 'Word': term, definition, exampleEn, meaningKr
constants/curationData.ts(3323,7): error TS2739: Type '{ id: string; exampleKr: string; isMemorized: false; isStarred: false; tags: never[]; }' is missing the following properties from type 'Word': term, definition, exampleEn, meaningKr
constants/curationData.ts(3330,7): error TS2739: Type '{ id: string; exampleKr: string; isMemorized: false; isStarred: false; tags: never[]; }' is missing the following properties from type 'Word': term, definition, exampleEn, meaningKr
constants/curationData.ts(3337,7): error TS2739: Type '{ id: string; exampleKr: string; isMemorized: false; isStarred: false; tags: never[]; }' is missing the following properties from type 'Word': term, definition, exampleEn, meaningKr
constants/curationData.ts(3344,7): error TS2739: Type '{ id: string; exampleKr: string; isMemorized: false; isStarred: false; tags: never[]; }' is missing the following properties from type 'Word': term, definition, exampleEn, meaningKr
constants/curationData.ts(3351,7): error TS2739: Type '{ id: string; exampleKr: string; isMemorized: false; isStarred: false; tags: never[]; }' is missing the following properties from type 'Word': term, definition, exampleEn, meaningKr
constants/curationData.ts(3367,7): error TS2739: Type '{ id: string; exampleKr: string; isMemorized: false; isStarred: false; tags: never[]; }' is missing the following properties from type 'Word': term, definition, exampleEn, meaningKr
constants/curationData.ts(3374,7): error TS2739: Type '{ id: string; exampleKr: string; isMemorized: false; isStarred: false; tags: never[]; }' is missing the following properties from type 'Word': term, definition, exampleEn, meaningKr
constants/curationData.ts(3381,7): error TS2739: Type '{ id: string; exampleKr: string; isMemorized: false; isStarred: false; tags: never[]; }' is missing the following properties from type 'Word': term, definition, exampleEn, meaningKr
constants/curationData.ts(3388,7): error TS2739: Type '{ id: string; exampleKr: string; isMemorized: false; isStarred: false; tags: never[]; }' is missing the following properties from type 'Word': term, definition, exampleEn, meaningKr
constants/curationData.ts(3395,7): error TS2739: Type '{ id: string; exampleKr: string; isMemorized: false; isStarred: false; tags: never[]; }' is missing the following properties from type 'Word': term, definition, exampleEn, meaningKr
constants/curationData.ts(3402,7): error TS2739: Type '{ id: string; exampleKr: string; isMemorized: false; isStarred: false; tags: never[]; }' is missing the following properties from type 'Word': term, definition, exampleEn, meaningKr
constants/curationData.ts(3409,7): error TS2739: Type '{ id: string; exampleKr: string; isMemorized: false; isStarred: false; tags: never[]; }' is missing the following properties from type 'Word': term, definition, exampleEn, meaningKr
constants/curationData.ts(3416,7): error TS2739: Type '{ id: string; exampleKr: string; isMemorized: false; isStarred: false; tags: never[]; }' is missing the following properties from type 'Word': term, definition, exampleEn, meaningKr
constants/curationData.ts(3423,7): error TS2739: Type '{ id: string; exampleKr: string; isMemorized: false; isStarred: false; tags: never[]; }' is missing the following properties from type 'Word': term, definition, exampleEn, meaningKr
constants/curationData.ts(3430,7): error TS2739: Type '{ id: string; exampleKr: string; isMemorized: false; isStarred: false; tags: never[]; }' is missing the following properties from type 'Word': term, definition, exampleEn, meaningKr
constants/curationData.ts(3447,7): error TS2739: Type '{ id: string; exampleKr: string; isMemorized: false; isStarred: false; tags: never[]; }' is missing the following properties from type 'Word': term, definition, exampleEn, meaningKr
constants/curationData.ts(3454,7): error TS2739: Type '{ id: string; exampleKr: string; isMemorized: false; isStarred: false; tags: never[]; }' is missing the following properties from type 'Word': term, definition, exampleEn, meaningKr
constants/curationData.ts(3461,7): error TS2739: Type '{ id: string; exampleKr: string; isMemorized: false; isStarred: false; tags: never[]; }' is missing the following properties from type 'Word': term, definition, exampleEn, meaningKr
constants/curationData.ts(3468,7): error TS2739: Type '{ id: string; exampleKr: string; isMemorized: false; isStarred: false; tags: never[]; }' is missing the following properties from type 'Word': term, definition, exampleEn, meaningKr
constants/curationData.ts(3475,7): error TS2739: Type '{ id: string; exampleKr: string; isMemorized: false; isStarred: false; tags: never[]; }' is missing the following properties from type 'Word': term, definition, exampleEn, meaningKr
constants/curationData.ts(3482,7): error TS2739: Type '{ id: string; exampleKr: string; isMemorized: false; isStarred: false; tags: never[]; }' is missing the following properties from type 'Word': term, definition, exampleEn, meaningKr
constants/curationData.ts(3489,7): error TS2739: Type '{ id: string; exampleKr: string; isMemorized: false; isStarred: false; tags: never[]; }' is missing the following properties from type 'Word': term, definition, exampleEn, meaningKr
constants/curationData.ts(3496,7): error TS2739: Type '{ id: string; exampleKr: string; isMemorized: false; isStarred: false; tags: never[]; }' is missing the following properties from type 'Word': term, definition, exampleEn, meaningKr
constants/curationData.ts(3503,7): error TS2739: Type '{ id: string; exampleKr: string; isMemorized: false; isStarred: false; tags: never[]; }' is missing the following properties from type 'Word': term, definition, exampleEn, meaningKr
constants/curationData.ts(3510,7): error TS2739: Type '{ id: string; exampleKr: string; isMemorized: false; isStarred: false; tags: never[]; }' is missing the following properties from type 'Word': term, definition, exampleEn, meaningKr
constants/curationData.ts(3527,7): error TS2739: Type '{ id: string; exampleKr: string; isMemorized: false; isStarred: false; tags: never[]; }' is missing the following properties from type 'Word': term, definition, exampleEn, meaningKr
constants/curationData.ts(3534,7): error TS2739: Type '{ id: string; exampleKr: string; isMemorized: false; isStarred: false; tags: never[]; }' is missing the following properties from type 'Word': term, definition, exampleEn, meaningKr
constants/curationData.ts(3541,7): error TS2739: Type '{ id: string; exampleKr: string; isMemorized: false; isStarred: false; tags: never[]; }' is missing the following properties from type 'Word': term, definition, exampleEn, meaningKr
constants/curationData.ts(3548,7): error TS2739: Type '{ id: string; exampleKr: string; isMemorized: false; isStarred: false; tags: never[]; }' is missing the following properties from type 'Word': term, definition, exampleEn, meaningKr
constants/curationData.ts(3555,7): error TS2739: Type '{ id: string; exampleKr: string; isMemorized: false; isStarred: false; tags: never[]; }' is missing the following properties from type 'Word': term, definition, exampleEn, meaningKr
constants/curationData.ts(3562,7): error TS2739: Type '{ id: string; exampleKr: string; isMemorized: false; isStarred: false; tags: never[]; }' is missing the following properties from type 'Word': term, definition, exampleEn, meaningKr
constants/curationData.ts(3569,7): error TS2739: Type '{ id: string; exampleKr: string; isMemorized: false; isStarred: false; tags: never[]; }' is missing the following properties from type 'Word': term, definition, exampleEn, meaningKr
constants/curationData.ts(3576,7): error TS2739: Type '{ id: string; exampleKr: string; isMemorized: false; isStarred: false; tags: never[]; }' is missing the following properties from type 'Word': term, definition, exampleEn, meaningKr
constants/curationData.ts(3583,7): error TS2739: Type '{ id: string; exampleKr: string; isMemorized: false; isStarred: false; tags: never[]; }' is missing the following properties from type 'Word': term, definition, exampleEn, meaningKr
constants/curationData.ts(3590,7): error TS2739: Type '{ id: string; exampleKr: string; isMemorized: false; isStarred: false; tags: never[]; }' is missing the following properties from type 'Word': term, definition, exampleEn, meaningKr
constants/curationData.ts(3607,7): error TS2739: Type '{ id: string; exampleKr: string; isMemorized: false; isStarred: false; tags: never[]; }' is missing the following properties from type 'Word': term, definition, exampleEn, meaningKr
constants/curationData.ts(3614,7): error TS2739: Type '{ id: string; exampleKr: string; isMemorized: false; isStarred: false; tags: never[]; }' is missing the following properties from type 'Word': term, definition, exampleEn, meaningKr
constants/curationData.ts(3621,7): error TS2739: Type '{ id: string; exampleKr: string; isMemorized: false; isStarred: false; tags: never[]; }' is missing the following properties from type 'Word': term, definition, exampleEn, meaningKr
constants/curationData.ts(3628,7): error TS2739: Type '{ id: string; exampleKr: string; isMemorized: false; isStarred: false; tags: never[]; }' is missing the following properties from type 'Word': term, definition, exampleEn, meaningKr
constants/curationData.ts(3635,7): error TS2739: Type '{ id: string; exampleKr: string; isMemorized: false; isStarred: false; tags: never[]; }' is missing the following properties from type 'Word': term, definition, exampleEn, meaningKr
constants/curationData.ts(3642,7): error TS2739: Type '{ id: string; exampleKr: string; isMemorized: false; isStarred: false; tags: never[]; }' is missing the following properties from type 'Word': term, definition, exampleEn, meaningKr
constants/curationData.ts(3649,7): error TS2739: Type '{ id: string; exampleKr: string; isMemorized: false; isStarred: false; tags: never[]; }' is missing the following properties from type 'Word': term, definition, exampleEn, meaningKr
constants/curationData.ts(3656,7): error TS2739: Type '{ id: string; exampleKr: string; isMemorized: false; isStarred: false; tags: never[]; }' is missing the following properties from type 'Word': term, definition, exampleEn, meaningKr
constants/curationData.ts(3663,7): error TS2739: Type '{ id: string; exampleKr: string; isMemorized: false; isStarred: false; tags: never[]; }' is missing the following properties from type 'Word': term, definition, exampleEn, meaningKr
constants/curationData.ts(3670,7): error TS2739: Type '{ id: string; exampleKr: string; isMemorized: false; isStarred: false; tags: never[]; }' is missing the following properties from type 'Word': term, definition, exampleEn, meaningKr
constants/curationData.ts(3687,7): error TS2739: Type '{ id: string; exampleKr: string; isMemorized: false; isStarred: false; tags: never[]; }' is missing the following properties from type 'Word': term, definition, exampleEn, meaningKr
constants/curationData.ts(3694,7): error TS2739: Type '{ id: string; exampleKr: string; isMemorized: false; isStarred: false; tags: never[]; }' is missing the following properties from type 'Word': term, definition, exampleEn, meaningKr
constants/curationData.ts(3701,7): error TS2739: Type '{ id: string; exampleKr: string; isMemorized: false; isStarred: false; tags: never[]; }' is missing the following properties from type 'Word': term, definition, exampleEn, meaningKr
constants/curationData.ts(3708,7): error TS2739: Type '{ id: string; exampleKr: string; isMemorized: false; isStarred: false; tags: never[]; }' is missing the following properties from type 'Word': term, definition, exampleEn, meaningKr
constants/curationData.ts(3715,7): error TS2739: Type '{ id: string; exampleKr: string; isMemorized: false; isStarred: false; tags: never[]; }' is missing the following properties from type 'Word': term, definition, exampleEn, meaningKr
constants/curationData.ts(3722,7): error TS2739: Type '{ id: string; exampleKr: string; isMemorized: false; isStarred: false; tags: never[]; }' is missing the following properties from type 'Word': term, definition, exampleEn, meaningKr
constants/curationData.ts(3729,7): error TS2739: Type '{ id: string; exampleKr: string; isMemorized: false; isStarred: false; tags: never[]; }' is missing the following properties from type 'Word': term, definition, exampleEn, meaningKr
constants/curationData.ts(3736,7): error TS2739: Type '{ id: string; exampleKr: string; isMemorized: false; isStarred: false; tags: never[]; }' is missing the following properties from type 'Word': term, definition, exampleEn, meaningKr
constants/curationData.ts(3743,7): error TS2739: Type '{ id: string; exampleKr: string; isMemorized: false; isStarred: false; tags: never[]; }' is missing the following properties from type 'Word': term, definition, exampleEn, meaningKr
constants/curationData.ts(3750,7): error TS2739: Type '{ id: string; exampleKr: string; isMemorized: false; isStarred: false; tags: never[]; }' is missing the following properties from type 'Word': term, definition, exampleEn, meaningKr
constants/curationData.ts(3767,7): error TS2739: Type '{ id: string; exampleKr: string; isMemorized: false; isStarred: false; tags: never[]; }' is missing the following properties from type 'Word': term, definition, exampleEn, meaningKr
constants/curationData.ts(3774,7): error TS2739: Type '{ id: string; exampleKr: string; isMemorized: false; isStarred: false; tags: never[]; }' is missing the following properties from type 'Word': term, definition, exampleEn, meaningKr
constants/curationData.ts(3781,7): error TS2739: Type '{ id: string; exampleKr: string; isMemorized: false; isStarred: false; tags: never[]; }' is missing the following properties from type 'Word': term, definition, exampleEn, meaningKr
constants/curationData.ts(3788,7): error TS2739: Type '{ id: string; exampleKr: string; isMemorized: false; isStarred: false; tags: never[]; }' is missing the following properties from type 'Word': term, definition, exampleEn, meaningKr
constants/curationData.ts(3795,7): error TS2739: Type '{ id: string; exampleKr: string; isMemorized: false; isStarred: false; tags: never[]; }' is missing the following properties from type 'Word': term, definition, exampleEn, meaningKr
constants/curationData.ts(3802,7): error TS2739: Type '{ id: string; exampleKr: string; isMemorized: false; isStarred: false; tags: never[]; }' is missing the following properties from type 'Word': term, definition, exampleEn, meaningKr
constants/curationData.ts(3809,7): error TS2739: Type '{ id: string; exampleKr: string; isMemorized: false; isStarred: false; tags: never[]; }' is missing the following properties from type 'Word': term, definition, exampleEn, meaningKr
constants/curationData.ts(3816,7): error TS2739: Type '{ id: string; exampleKr: string; isMemorized: false; isStarred: false; tags: never[]; }' is missing the following properties from type 'Word': term, definition, exampleEn, meaningKr
constants/curationData.ts(3823,7): error TS2739: Type '{ id: string; exampleKr: string; isMemorized: false; isStarred: false; tags: never[]; }' is missing the following properties from type 'Word': term, definition, exampleEn, meaningKr
constants/curationData.ts(3830,7): error TS2739: Type '{ id: string; exampleKr: string; isMemorized: false; isStarred: false; tags: never[]; }' is missing the following properties from type 'Word': term, definition, exampleEn, meaningKr
constants/curationData.ts(3847,7): error TS2739: Type '{ id: string; exampleKr: string; isMemorized: false; isStarred: false; tags: never[]; }' is missing the following properties from type 'Word': term, definition, exampleEn, meaningKr
constants/curationData.ts(3854,7): error TS2739: Type '{ id: string; exampleKr: string; isMemorized: false; isStarred: false; tags: never[]; }' is missing the following properties from type 'Word': term, definition, exampleEn, meaningKr
constants/curationData.ts(3861,7): error TS2739: Type '{ id: string; exampleKr: string; isMemorized: false; isStarred: false; tags: never[]; }' is missing the following properties from type 'Word': term, definition, exampleEn, meaningKr
constants/curationData.ts(3868,7): error TS2739: Type '{ id: string; exampleKr: string; isMemorized: false; isStarred: false; tags: never[]; }' is missing the following properties from type 'Word': term, definition, exampleEn, meaningKr
constants/curationData.ts(3875,7): error TS2739: Type '{ id: string; exampleKr: string; isMemorized: false; isStarred: false; tags: never[]; }' is missing the following properties from type 'Word': term, definition, exampleEn, meaningKr
constants/curationData.ts(3882,7): error TS2739: Type '{ id: string; exampleKr: string; isMemorized: false; isStarred: false; tags: never[]; }' is missing the following properties from type 'Word': term, definition, exampleEn, meaningKr
constants/curationData.ts(3889,7): error TS2739: Type '{ id: string; exampleKr: string; isMemorized: false; isStarred: false; tags: never[]; }' is missing the following properties from type 'Word': term, definition, exampleEn, meaningKr
constants/curationData.ts(3896,7): error TS2739: Type '{ id: string; exampleKr: string; isMemorized: false; isStarred: false; tags: never[]; }' is missing the following properties from type 'Word': term, definition, exampleEn, meaningKr
constants/curationData.ts(3903,7): error TS2739: Type '{ id: string; exampleKr: string; isMemorized: false; isStarred: false; tags: never[]; }' is missing the following properties from type 'Word': term, definition, exampleEn, meaningKr
constants/curationData.ts(3910,7): error TS2739: Type '{ id: string; exampleKr: string; isMemorized: false; isStarred: false; tags: never[]; }' is missing the following properties from type 'Word': term, definition, exampleEn, meaningKr
constants/curationData.ts(3927,7): error TS2739: Type '{ id: string; exampleKr: string; isMemorized: false; isStarred: false; tags: never[]; }' is missing the following properties from type 'Word': term, definition, exampleEn, meaningKr
constants/curationData.ts(3934,7): error TS2739: Type '{ id: string; exampleKr: string; isMemorized: false; isStarred: false; tags: never[]; }' is missing the following properties from type 'Word': term, definition, exampleEn, meaningKr
constants/curationData.ts(3941,7): error TS2739: Type '{ id: string; exampleKr: string; isMemorized: false; isStarred: false; tags: never[]; }' is missing the following properties from type 'Word': term, definition, exampleEn, meaningKr
constants/curationData.ts(3948,7): error TS2739: Type '{ id: string; exampleKr: string; isMemorized: false; isStarred: false; tags: never[]; }' is missing the following properties from type 'Word': term, definition, exampleEn, meaningKr
constants/curationData.ts(3955,7): error TS2739: Type '{ id: string; exampleKr: string; isMemorized: false; isStarred: false; tags: never[]; }' is missing the following properties from type 'Word': term, definition, exampleEn, meaningKr
constants/curationData.ts(3962,7): error TS2739: Type '{ id: string; exampleKr: string; isMemorized: false; isStarred: false; tags: never[]; }' is missing the following properties from type 'Word': term, definition, exampleEn, meaningKr
constants/curationData.ts(3969,7): error TS2739: Type '{ id: string; exampleKr: string; isMemorized: false; isStarred: false; tags: never[]; }' is missing the following properties from type 'Word': term, definition, exampleEn, meaningKr
constants/curationData.ts(3976,7): error TS2739: Type '{ id: string; exampleKr: string; isMemorized: false; isStarred: false; tags: never[]; }' is missing the following properties from type 'Word': term, definition, exampleEn, meaningKr
constants/curationData.ts(3983,7): error TS2739: Type '{ id: string; exampleKr: string; isMemorized: false; isStarred: false; tags: never[]; }' is missing the following properties from type 'Word': term, definition, exampleEn, meaningKr
constants/curationData.ts(3990,7): error TS2739: Type '{ id: string; exampleKr: string; isMemorized: false; isStarred: false; tags: never[]; }' is missing the following properties from type 'Word': term, definition, exampleEn, meaningKr
constants/curationData.ts(4007,7): error TS2739: Type '{ id: string; exampleKr: string; isMemorized: false; isStarred: false; tags: never[]; }' is missing the following properties from type 'Word': term, definition, exampleEn, meaningKr
constants/curationData.ts(4014,7): error TS2739: Type '{ id: string; exampleKr: string; isMemorized: false; isStarred: false; tags: never[]; }' is missing the following properties from type 'Word': term, definition, exampleEn, meaningKr
constants/curationData.ts(4021,7): error TS2739: Type '{ id: string; exampleKr: string; isMemorized: false; isStarred: false; tags: never[]; }' is missing the following properties from type 'Word': term, definition, exampleEn, meaningKr
constants/curationData.ts(4028,7): error TS2739: Type '{ id: string; exampleKr: string; isMemorized: false; isStarred: false; tags: never[]; }' is missing the following properties from type 'Word': term, definition, exampleEn, meaningKr
constants/curationData.ts(4035,7): error TS2739: Type '{ id: string; exampleKr: string; isMemorized: false; isStarred: false; tags: never[]; }' is missing the following properties from type 'Word': term, definition, exampleEn, meaningKr
constants/curationData.ts(4042,7): error TS2739: Type '{ id: string; exampleKr: string; isMemorized: false; isStarred: false; tags: never[]; }' is missing the following properties from type 'Word': term, definition, exampleEn, meaningKr
constants/curationData.ts(4049,7): error TS2739: Type '{ id: string; exampleKr: string; isMemorized: false; isStarred: false; tags: never[]; }' is missing the following properties from type 'Word': term, definition, exampleEn, meaningKr
constants/curationData.ts(4056,7): error TS2739: Type '{ id: string; exampleKr: string; isMemorized: false; isStarred: false; tags: never[]; }' is missing the following properties from type 'Word': term, definition, exampleEn, meaningKr
constants/curationData.ts(4063,7): error TS2739: Type '{ id: string; exampleKr: string; isMemorized: false; isStarred: false; tags: never[]; }' is missing the following properties from type 'Word': term, definition, exampleEn, meaningKr
constants/curationData.ts(4070,7): error TS2739: Type '{ id: string; exampleKr: string; isMemorized: false; isStarred: false; tags: never[]; }' is missing the following properties from type 'Word': term, definition, exampleEn, meaningKr
constants/curationData.ts(4087,7): error TS2739: Type '{ id: string; exampleKr: string; isMemorized: false; isStarred: false; tags: never[]; }' is missing the following properties from type 'Word': term, definition, exampleEn, meaningKr
constants/curationData.ts(4094,7): error TS2739: Type '{ id: string; exampleKr: string; isMemorized: false; isStarred: false; tags: never[]; }' is missing the following properties from type 'Word': term, definition, exampleEn, meaningKr
constants/curationData.ts(4101,7): error TS2739: Type '{ id: string; exampleKr: string; isMemorized: false; isStarred: false; tags: never[]; }' is missing the following properties from type 'Word': term, definition, exampleEn, meaningKr
constants/curationData.ts(4108,7): error TS2739: Type '{ id: string; exampleKr: string; isMemorized: false; isStarred: false; tags: never[]; }' is missing the following properties from type 'Word': term, definition, exampleEn, meaningKr
constants/curationData.ts(4115,7): error TS2739: Type '{ id: string; exampleKr: string; isMemorized: false; isStarred: false; tags: never[]; }' is missing the following properties from type 'Word': term, definition, exampleEn, meaningKr
constants/curationData.ts(4122,7): error TS2739: Type '{ id: string; exampleKr: string; isMemorized: false; isStarred: false; tags: never[]; }' is missing the following properties from type 'Word': term, definition, exampleEn, meaningKr
constants/curationData.ts(4129,7): error TS2739: Type '{ id: string; exampleKr: string; isMemorized: false; isStarred: false; tags: never[]; }' is missing the following properties from type 'Word': term, definition, exampleEn, meaningKr
constants/curationData.ts(4136,7): error TS2739: Type '{ id: string; exampleKr: string; isMemorized: false; isStarred: false; tags: never[]; }' is missing the following properties from type 'Word': term, definition, exampleEn, meaningKr
constants/curationData.ts(4143,7): error TS2739: Type '{ id: string; exampleKr: string; isMemorized: false; isStarred: false; tags: never[]; }' is missing the following properties from type 'Word': term, definition, exampleEn, meaningKr
constants/curationData.ts(4150,7): error TS2739: Type '{ id: string; exampleKr: string; isMemorized: false; isStarred: false; tags: never[]; }' is missing the following properties from type 'Word': term, definition, exampleEn, meaningKr
constants/curationData.ts(4167,7): error TS2739: Type '{ id: string; exampleKr: string; isMemorized: false; isStarred: false; tags: never[]; }' is missing the following properties from type 'Word': term, definition, exampleEn, meaningKr
constants/curationData.ts(4174,7): error TS2739: Type '{ id: string; exampleKr: string; isMemorized: false; isStarred: false; tags: never[]; }' is missing the following properties from type 'Word': term, definition, exampleEn, meaningKr
constants/curationData.ts(4181,7): error TS2739: Type '{ id: string; exampleKr: string; isMemorized: false; isStarred: false; tags: never[]; }' is missing the following properties from type 'Word': term, definition, exampleEn, meaningKr
constants/curationData.ts(4188,7): error TS2739: Type '{ id: string; exampleKr: string; isMemorized: false; isStarred: false; tags: never[]; }' is missing the following properties from type 'Word': term, definition, exampleEn, meaningKr
constants/curationData.ts(4195,7): error TS2739: Type '{ id: string; exampleKr: string; isMemorized: false; isStarred: false; tags: never[]; }' is missing the following properties from type 'Word': term, definition, exampleEn, meaningKr
constants/curationData.ts(4202,7): error TS2739: Type '{ id: string; exampleKr: string; isMemorized: false; isStarred: false; tags: never[]; }' is missing the following properties from type 'Word': term, definition, exampleEn, meaningKr
constants/curationData.ts(4209,7): error TS2739: Type '{ id: string; exampleKr: string; isMemorized: false; isStarred: false; tags: never[]; }' is missing the following properties from type 'Word': term, definition, exampleEn, meaningKr
constants/curationData.ts(4216,7): error TS2739: Type '{ id: string; exampleKr: string; isMemorized: false; isStarred: false; tags: never[]; }' is missing the following properties from type 'Word': term, definition, exampleEn, meaningKr
constants/curationData.ts(4223,7): error TS2739: Type '{ id: string; exampleKr: string; isMemorized: false; isStarred: false; tags: never[]; }' is missing the following properties from type 'Word': term, definition, exampleEn, meaningKr
constants/curationData.ts(4230,7): error TS2739: Type '{ id: string; exampleKr: string; isMemorized: false; isStarred: false; tags: never[]; }' is missing the following properties from type 'Word': term, definition, exampleEn, meaningKr
constants/curationData.ts(4247,7): error TS2739: Type '{ id: string; exampleKr: string; isMemorized: false; isStarred: false; tags: never[]; }' is missing the following properties from type 'Word': term, definition, exampleEn, meaningKr
constants/curationData.ts(4254,7): error TS2739: Type '{ id: string; exampleKr: string; isMemorized: false; isStarred: false; tags: never[]; }' is missing the following properties from type 'Word': term, definition, exampleEn, meaningKr
constants/curationData.ts(4261,7): error TS2739: Type '{ id: string; exampleKr: string; isMemorized: false; isStarred: false; tags: never[]; }' is missing the following properties from type 'Word': term, definition, exampleEn, meaningKr
constants/curationData.ts(4268,7): error TS2739: Type '{ id: string; exampleKr: string; isMemorized: false; isStarred: false; tags: never[]; }' is missing the following properties from type 'Word': term, definition, exampleEn, meaningKr
constants/curationData.ts(4275,7): error TS2739: Type '{ id: string; exampleKr: string; isMemorized: false; isStarred: false; tags: never[]; }' is missing the following properties from type 'Word': term, definition, exampleEn, meaningKr
constants/curationData.ts(4282,7): error TS2739: Type '{ id: string; exampleKr: string; isMemorized: false; isStarred: false; tags: never[]; }' is missing the following properties from type 'Word': term, definition, exampleEn, meaningKr
constants/curationData.ts(4289,7): error TS2739: Type '{ id: string; exampleKr: string; isMemorized: false; isStarred: false; tags: never[]; }' is missing the following properties from type 'Word': term, definition, exampleEn, meaningKr
constants/curationData.ts(4296,7): error TS2739: Type '{ id: string; exampleKr: string; isMemorized: false; isStarred: false; tags: never[]; }' is missing the following properties from type 'Word': term, definition, exampleEn, meaningKr
constants/curationData.ts(4303,7): error TS2739: Type '{ id: string; exampleKr: string; isMemorized: false; isStarred: false; tags: never[]; }' is missing the following properties from type 'Word': term, definition, exampleEn, meaningKr
constants/curationData.ts(4310,7): error TS2739: Type '{ id: string; exampleKr: string; isMemorized: false; isStarred: false; tags: never[]; }' is missing the following properties from type 'Word': term, definition, exampleEn, meaningKr
constants/curationData.ts(4327,7): error TS2739: Type '{ id: string; exampleKr: string; isMemorized: false; isStarred: false; tags: never[]; }' is missing the following properties from type 'Word': term, definition, exampleEn, meaningKr
constants/curationData.ts(4334,7): error TS2739: Type '{ id: string; exampleKr: string; isMemorized: false; isStarred: false; tags: never[]; }' is missing the following properties from type 'Word': term, definition, exampleEn, meaningKr
constants/curationData.ts(4341,7): error TS2739: Type '{ id: string; exampleKr: string; isMemorized: false; isStarred: false; tags: never[]; }' is missing the following properties from type 'Word': term, definition, exampleEn, meaningKr
constants/curationData.ts(4348,7): error TS2739: Type '{ id: string; exampleKr: string; isMemorized: false; isStarred: false; tags: never[]; }' is missing the following properties from type 'Word': term, definition, exampleEn, meaningKr
constants/curationData.ts(4355,7): error TS2739: Type '{ id: string; exampleKr: string; isMemorized: false; isStarred: false; tags: never[]; }' is missing the following properties from type 'Word': term, definition, exampleEn, meaningKr
constants/curationData.ts(4362,7): error TS2739: Type '{ id: string; exampleKr: string; isMemorized: false; isStarred: false; tags: never[]; }' is missing the following properties from type 'Word': term, definition, exampleEn, meaningKr
constants/curationData.ts(4369,7): error TS2739: Type '{ id: string; exampleKr: string; isMemorized: false; isStarred: false; tags: never[]; }' is missing the following properties from type 'Word': term, definition, exampleEn, meaningKr
constants/curationData.ts(4376,7): error TS2739: Type '{ id: string; exampleKr: string; isMemorized: false; isStarred: false; tags: never[]; }' is missing the following properties from type 'Word': term, definition, exampleEn, meaningKr
constants/curationData.ts(4383,7): error TS2739: Type '{ id: string; exampleKr: string; isMemorized: false; isStarred: false; tags: never[]; }' is missing the following properties from type 'Word': term, definition, exampleEn, meaningKr
constants/curationData.ts(4390,7): error TS2739: Type '{ id: string; exampleKr: string; isMemorized: false; isStarred: false; tags: never[]; }' is missing the following properties from type 'Word': term, definition, exampleEn, meaningKr
constants/curationData.ts(4407,7): error TS2739: Type '{ id: string; exampleKr: string; isMemorized: false; isStarred: false; tags: never[]; }' is missing the following properties from type 'Word': term, definition, exampleEn, meaningKr
constants/curationData.ts(4414,7): error TS2739: Type '{ id: string; exampleKr: string; isMemorized: false; isStarred: false; tags: never[]; }' is missing the following properties from type 'Word': term, definition, exampleEn, meaningKr
constants/curationData.ts(4421,7): error TS2739: Type '{ id: string; exampleKr: string; isMemorized: false; isStarred: false; tags: never[]; }' is missing the following properties from type 'Word': term, definition, exampleEn, meaningKr
constants/curationData.ts(4428,7): error TS2739: Type '{ id: string; exampleKr: string; isMemorized: false; isStarred: false; tags: never[]; }' is missing the following properties from type 'Word': term, definition, exampleEn, meaningKr
constants/curationData.ts(4435,7): error TS2739: Type '{ id: string; exampleKr: string; isMemorized: false; isStarred: false; tags: never[]; }' is missing the following properties from type 'Word': term, definition, exampleEn, meaningKr
constants/curationData.ts(4442,7): error TS2739: Type '{ id: string; exampleKr: string; isMemorized: false; isStarred: false; tags: never[]; }' is missing the following properties from type 'Word': term, definition, exampleEn, meaningKr
constants/curationData.ts(4449,7): error TS2739: Type '{ id: string; exampleKr: string; isMemorized: false; isStarred: false; tags: never[]; }' is missing the following properties from type 'Word': term, definition, exampleEn, meaningKr
constants/curationData.ts(4456,7): error TS2739: Type '{ id: string; exampleKr: string; isMemorized: false; isStarred: false; tags: never[]; }' is missing the following properties from type 'Word': term, definition, exampleEn, meaningKr
constants/curationData.ts(4463,7): error TS2739: Type '{ id: string; exampleKr: string; isMemorized: false; isStarred: false; tags: never[]; }' is missing the following properties from type 'Word': term, definition, exampleEn, meaningKr
constants/curationData.ts(4470,7): error TS2739: Type '{ id: string; exampleKr: string; isMemorized: false; isStarred: false; tags: never[]; }' is missing the following properties from type 'Word': term, definition, exampleEn, meaningKr
constants/curationData.ts(4487,7): error TS2739: Type '{ id: string; exampleKr: string; isMemorized: false; isStarred: false; tags: never[]; }' is missing the following properties from type 'Word': term, definition, exampleEn, meaningKr
constants/curationData.ts(4494,7): error TS2739: Type '{ id: string; exampleKr: string; isMemorized: false; isStarred: false; tags: never[]; }' is missing the following properties from type 'Word': term, definition, exampleEn, meaningKr
constants/curationData.ts(4501,7): error TS2739: Type '{ id: string; exampleKr: string; isMemorized: false; isStarred: false; tags: never[]; }' is missing the following properties from type 'Word': term, definition, exampleEn, meaningKr
constants/curationData.ts(4508,7): error TS2739: Type '{ id: string; exampleKr: string; isMemorized: false; isStarred: false; tags: never[]; }' is missing the following properties from type 'Word': term, definition, exampleEn, meaningKr
constants/curationData.ts(4515,7): error TS2739: Type '{ id: string; exampleKr: string; isMemorized: false; isStarred: false; tags: never[]; }' is missing the following properties from type 'Word': term, definition, exampleEn, meaningKr
constants/curationData.ts(4522,7): error TS2739: Type '{ id: string; exampleKr: string; isMemorized: false; isStarred: false; tags: never[]; }' is missing the following properties from type 'Word': term, definition, exampleEn, meaningKr
constants/curationData.ts(4529,7): error TS2739: Type '{ id: string; exampleKr: string; isMemorized: false; isStarred: false; tags: never[]; }' is missing the following properties from type 'Word': term, definition, exampleEn, meaningKr
constants/curationData.ts(4536,7): error TS2739: Type '{ id: string; exampleKr: string; isMemorized: false; isStarred: false; tags: never[]; }' is missing the following properties from type 'Word': term, definition, exampleEn, meaningKr
constants/curationData.ts(4543,7): error TS2739: Type '{ id: string; exampleKr: string; isMemorized: false; isStarred: false; tags: never[]; }' is missing the following properties from type 'Word': term, definition, exampleEn, meaningKr
constants/curationData.ts(4550,7): error TS2739: Type '{ id: string; exampleKr: string; isMemorized: false; isStarred: false; tags: never[]; }' is missing the following properties from type 'Word': term, definition, exampleEn, meaningKr
constants/curationData.ts(4567,7): error TS2739: Type '{ id: string; exampleKr: string; isMemorized: false; isStarred: false; tags: never[]; }' is missing the following properties from type 'Word': term, definition, exampleEn, meaningKr
constants/curationData.ts(4574,7): error TS2739: Type '{ id: string; exampleKr: string; isMemorized: false; isStarred: false; tags: never[]; }' is missing the following properties from type 'Word': term, definition, exampleEn, meaningKr
constants/curationData.ts(4581,7): error TS2739: Type '{ id: string; exampleKr: string; isMemorized: false; isStarred: false; tags: never[]; }' is missing the following properties from type 'Word': term, definition, exampleEn, meaningKr
constants/curationData.ts(4588,7): error TS2739: Type '{ id: string; exampleKr: string; isMemorized: false; isStarred: false; tags: never[]; }' is missing the following properties from type 'Word': term, definition, exampleEn, meaningKr
constants/curationData.ts(4595,7): error TS2739: Type '{ id: string; exampleKr: string; isMemorized: false; isStarred: false; tags: never[]; }' is missing the following properties from type 'Word': term, definition, exampleEn, meaningKr
constants/curationData.ts(4602,7): error TS2739: Type '{ id: string; exampleKr: string; isMemorized: false; isStarred: false; tags: never[]; }' is missing the following properties from type 'Word': term, definition, exampleEn, meaningKr
constants/curationData.ts(4609,7): error TS2739: Type '{ id: string; exampleKr: string; isMemorized: false; isStarred: false; tags: never[]; }' is missing the following properties from type 'Word': term, definition, exampleEn, meaningKr
constants/curationData.ts(4616,7): error TS2739: Type '{ id: string; exampleKr: string; isMemorized: false; isStarred: false; tags: never[]; }' is missing the following properties from type 'Word': term, definition, exampleEn, meaningKr
constants/curationData.ts(4623,7): error TS2739: Type '{ id: string; exampleKr: string; isMemorized: false; isStarred: false; tags: never[]; }' is missing the following properties from type 'Word': term, definition, exampleEn, meaningKr
constants/curationData.ts(4630,7): error TS2739: Type '{ id: string; exampleKr: string; isMemorized: false; isStarred: false; tags: never[]; }' is missing the following properties from type 'Word': term, definition, exampleEn, meaningKr
constants/curationData.ts(4647,7): error TS2739: Type '{ id: string; exampleKr: string; isMemorized: false; isStarred: false; tags: never[]; }' is missing the following properties from type 'Word': term, definition, exampleEn, meaningKr
constants/curationData.ts(4654,7): error TS2739: Type '{ id: string; exampleKr: string; isMemorized: false; isStarred: false; tags: never[]; }' is missing the following properties from type 'Word': term, definition, exampleEn, meaningKr
constants/curationData.ts(4661,7): error TS2739: Type '{ id: string; exampleKr: string; isMemorized: false; isStarred: false; tags: never[]; }' is missing the following properties from type 'Word': term, definition, exampleEn, meaningKr
constants/curationData.ts(4668,7): error TS2739: Type '{ id: string; exampleKr: string; isMemorized: false; isStarred: false; tags: never[]; }' is missing the following properties from type 'Word': term, definition, exampleEn, meaningKr
constants/curationData.ts(4675,7): error TS2739: Type '{ id: string; exampleKr: string; isMemorized: false; isStarred: false; tags: never[]; }' is missing the following properties from type 'Word': term, definition, exampleEn, meaningKr
constants/curationData.ts(4682,7): error TS2739: Type '{ id: string; exampleKr: string; isMemorized: false; isStarred: false; tags: never[]; }' is missing the following properties from type 'Word': term, definition, exampleEn, meaningKr
constants/curationData.ts(4689,7): error TS2739: Type '{ id: string; exampleKr: string; isMemorized: false; isStarred: false; tags: never[]; }' is missing the following properties from type 'Word': term, definition, exampleEn, meaningKr
constants/curationData.ts(4696,7): error TS2739: Type '{ id: string; exampleKr: string; isMemorized: false; isStarred: false; tags: never[]; }' is missing the following properties from type 'Word': term, definition, exampleEn, meaningKr
constants/curationData.ts(4703,7): error TS2739: Type '{ id: string; exampleKr: string; isMemorized: false; isStarred: false; tags: never[]; }' is missing the following properties from type 'Word': term, definition, exampleEn, meaningKr
constants/curationData.ts(4710,7): error TS2739: Type '{ id: string; exampleKr: string; isMemorized: false; isStarred: false; tags: never[]; }' is missing the following properties from type 'Word': term, definition, exampleEn, meaningKr
constants/curationData.ts(4727,7): error TS2739: Type '{ id: string; exampleKr: string; isMemorized: false; isStarred: false; tags: never[]; }' is missing the following properties from type 'Word': term, definition, exampleEn, meaningKr
constants/curationData.ts(4734,7): error TS2739: Type '{ id: string; exampleKr: string; isMemorized: false; isStarred: false; tags: never[]; }' is missing the following properties from type 'Word': term, definition, exampleEn, meaningKr
constants/curationData.ts(4741,7): error TS2739: Type '{ id: string; exampleKr: string; isMemorized: false; isStarred: false; tags: never[]; }' is missing the following properties from type 'Word': term, definition, exampleEn, meaningKr
constants/curationData.ts(4748,7): error TS2739: Type '{ id: string; exampleKr: string; isMemorized: false; isStarred: false; tags: never[]; }' is missing the following properties from type 'Word': term, definition, exampleEn, meaningKr
constants/curationData.ts(4755,7): error TS2739: Type '{ id: string; exampleKr: string; isMemorized: false; isStarred: false; tags: never[]; }' is missing the following properties from type 'Word': term, definition, exampleEn, meaningKr
constants/curationData.ts(4762,7): error TS2739: Type '{ id: string; exampleKr: string; isMemorized: false; isStarred: false; tags: never[]; }' is missing the following properties from type 'Word': term, definition, exampleEn, meaningKr
constants/curationData.ts(4769,7): error TS2739: Type '{ id: string; exampleKr: string; isMemorized: false; isStarred: false; tags: never[]; }' is missing the following properties from type 'Word': term, definition, exampleEn, meaningKr
constants/curationData.ts(4776,7): error TS2739: Type '{ id: string; exampleKr: string; isMemorized: false; isStarred: false; tags: never[]; }' is missing the following properties from type 'Word': term, definition, exampleEn, meaningKr
constants/curationData.ts(4783,7): error TS2739: Type '{ id: string; exampleKr: string; isMemorized: false; isStarred: false; tags: never[]; }' is missing the following properties from type 'Word': term, definition, exampleEn, meaningKr
constants/curationData.ts(4790,7): error TS2739: Type '{ id: string; exampleKr: string; isMemorized: false; isStarred: false; tags: never[]; }' is missing the following properties from type 'Word': term, definition, exampleEn, meaningKr
constants/curationData.ts(4807,7): error TS2739: Type '{ id: string; exampleKr: string; isMemorized: false; isStarred: false; tags: never[]; }' is missing the following properties from type 'Word': term, definition, exampleEn, meaningKr
constants/curationData.ts(4814,7): error TS2739: Type '{ id: string; exampleKr: string; isMemorized: false; isStarred: false; tags: never[]; }' is missing the following properties from type 'Word': term, definition, exampleEn, meaningKr
constants/curationData.ts(4821,7): error TS2739: Type '{ id: string; exampleKr: string; isMemorized: false; isStarred: false; tags: never[]; }' is missing the following properties from type 'Word': term, definition, exampleEn, meaningKr
constants/curationData.ts(4828,7): error TS2739: Type '{ id: string; exampleKr: string; isMemorized: false; isStarred: false; tags: never[]; }' is missing the following properties from type 'Word': term, definition, exampleEn, meaningKr
constants/curationData.ts(4835,7): error TS2739: Type '{ id: string; exampleKr: string; isMemorized: false; isStarred: false; tags: never[]; }' is missing the following properties from type 'Word': term, definition, exampleEn, meaningKr
constants/curationData.ts(4842,7): error TS2739: Type '{ id: string; exampleKr: string; isMemorized: false; isStarred: false; tags: never[]; }' is missing the following properties from type 'Word': term, definition, exampleEn, meaningKr
constants/curationData.ts(4849,7): error TS2739: Type '{ id: string; exampleKr: string; isMemorized: false; isStarred: false; tags: never[]; }' is missing the following properties from type 'Word': term, definition, exampleEn, meaningKr
constants/curationData.ts(4856,7): error TS2739: Type '{ id: string; exampleKr: string; isMemorized: false; isStarred: false; tags: never[]; }' is missing the following properties from type 'Word': term, definition, exampleEn, meaningKr
constants/curationData.ts(4863,7): error TS2739: Type '{ id: string; exampleKr: string; isMemorized: false; isStarred: false; tags: never[]; }' is missing the following properties from type 'Word': term, definition, exampleEn, meaningKr
constants/curationData.ts(4870,7): error TS2739: Type '{ id: string; exampleKr: string; isMemorized: false; isStarred: false; tags: never[]; }' is missing the following properties from type 'Word': term, definition, exampleEn, meaningKr
constants/curationData.ts(4887,7): error TS2739: Type '{ id: string; exampleKr: string; isMemorized: false; isStarred: false; tags: never[]; }' is missing the following properties from type 'Word': term, definition, exampleEn, meaningKr
constants/curationData.ts(4894,7): error TS2739: Type '{ id: string; exampleKr: string; isMemorized: false; isStarred: false; tags: never[]; }' is missing the following properties from type 'Word': term, definition, exampleEn, meaningKr
constants/curationData.ts(4901,7): error TS2739: Type '{ id: string; exampleKr: string; isMemorized: false; isStarred: false; tags: never[]; }' is missing the following properties from type 'Word': term, definition, exampleEn, meaningKr
constants/curationData.ts(4908,7): error TS2739: Type '{ id: string; exampleKr: string; isMemorized: false; isStarred: false; tags: never[]; }' is missing the following properties from type 'Word': term, definition, exampleEn, meaningKr
constants/curationData.ts(4915,7): error TS2739: Type '{ id: string; exampleKr: string; isMemorized: false; isStarred: false; tags: never[]; }' is missing the following properties from type 'Word': term, definition, exampleEn, meaningKr
constants/curationData.ts(4922,7): error TS2739: Type '{ id: string; exampleKr: string; isMemorized: false; isStarred: false; tags: never[]; }' is missing the following properties from type 'Word': term, definition, exampleEn, meaningKr
constants/curationData.ts(4929,7): error TS2739: Type '{ id: string; exampleKr: string; isMemorized: false; isStarred: false; tags: never[]; }' is missing the following properties from type 'Word': term, definition, exampleEn, meaningKr
constants/curationData.ts(4936,7): error TS2739: Type '{ id: string; exampleKr: string; isMemorized: false; isStarred: false; tags: never[]; }' is missing the following properties from type 'Word': term, definition, exampleEn, meaningKr
constants/curationData.ts(4943,7): error TS2739: Type '{ id: string; exampleKr: string; isMemorized: false; isStarred: false; tags: never[]; }' is missing the following properties from type 'Word': term, definition, exampleEn, meaningKr
constants/curationData.ts(4950,7): error TS2739: Type '{ id: string; exampleKr: string; isMemorized: false; isStarred: false; tags: never[]; }' is missing the following properties from type 'Word': term, definition, exampleEn, meaningKr
constants/curationData.ts(4967,7): error TS2739: Type '{ id: string; exampleKr: string; isMemorized: false; isStarred: false; tags: never[]; }' is missing the following properties from type 'Word': term, definition, exampleEn, meaningKr
constants/curationData.ts(4974,7): error TS2739: Type '{ id: string; exampleKr: string; isMemorized: false; isStarred: false; tags: never[]; }' is missing the following properties from type 'Word': term, definition, exampleEn, meaningKr
constants/curationData.ts(4981,7): error TS2739: Type '{ id: string; exampleKr: string; isMemorized: false; isStarred: false; tags: never[]; }' is missing the following properties from type 'Word': term, definition, exampleEn, meaningKr
constants/curationData.ts(4988,7): error TS2739: Type '{ id: string; exampleKr: string; isMemorized: false; isStarred: false; tags: never[]; }' is missing the following properties from type 'Word': term, definition, exampleEn, meaningKr
constants/curationData.ts(4995,7): error TS2739: Type '{ id: string; exampleKr: string; isMemorized: false; isStarred: false; tags: never[]; }' is missing the following properties from type 'Word': term, definition, exampleEn, meaningKr
constants/curationData.ts(5002,7): error TS2739: Type '{ id: string; exampleKr: string; isMemorized: false; isStarred: false; tags: never[]; }' is missing the following properties from type 'Word': term, definition, exampleEn, meaningKr
constants/curationData.ts(5009,7): error TS2739: Type '{ id: string; exampleKr: string; isMemorized: false; isStarred: false; tags: never[]; }' is missing the following properties from type 'Word': term, definition, exampleEn, meaningKr
constants/curationData.ts(5016,7): error TS2739: Type '{ id: string; exampleKr: string; isMemorized: false; isStarred: false; tags: never[]; }' is missing the following properties from type 'Word': term, definition, exampleEn, meaningKr
constants/curationData.ts(5023,7): error TS2739: Type '{ id: string; exampleKr: string; isMemorized: false; isStarred: false; tags: never[]; }' is missing the following properties from type 'Word': term, definition, exampleEn, meaningKr
constants/curationData.ts(5030,7): error TS2739: Type '{ id: string; exampleKr: string; isMemorized: false; isStarred: false; tags: never[]; }' is missing the following properties from type 'Word': term, definition, exampleEn, meaningKr
reference/src/index.tsx(23,8): error TS2307: Cannot find module 'lucide-react' or its corresponding type declarations.
reference/src/index.tsx(78,34): error TS7006: Parameter 'theme' implicitly has an 'any' type.
reference/src/index.tsx(80,29): error TS2367: This comparison appears to be unintentional because the types 'number' and 'string' have no overlap.
reference/src/index.tsx(85,9): error TS2322: Type 'string' is not assignable to type 'number'.
reference/src/index.tsx(98,24): error TS7006: Parameter 'id' implicitly has an 'any' type.
reference/src/index.tsx(136,54): error TS2339: Property 'icon' does not exist on type '{ id: number; title: string; count: number; date: string; type: string; }'.
reference/src/index.tsx(225,45): error TS2345: Argument of type '{ id: number; title: string; description: string; count: number; level: string; icon: string; category: string; }' is not assignable to parameter of type 'SetStateAction<null>'.
  Type '{ id: number; title: string; description: string; count: number; level: string; icon: string; category: string; }' provides no match for the signature '(prevState: null): null'.
reference/src/index.tsx(267,32): error TS7031: Binding element 'theme' implicitly has an 'any' type.
server/auth.ts(2,8): error TS2613: Module '"C:/Users/kimos/OneDrive/\uBB38\uC11C/repositories/NewSokSok/server/db"' has no default export. Did you mean to use 'import { pool } from "C:/Users/kimos/OneDrive/\uBB38\uC11C/repositories/NewSokSok/server/db"' instead?
